/Users/rchari/Workspace/spring/cst/src/main/java/com/jira/cst/service/impl/SumServiceImpl.java
/Users/rchari/Workspace/spring/cst/src/main/java/com/jira/cst/exception/SQSException.java
/Users/rchari/Workspace/spring/cst/src/main/java/com/jira/cst/service/SQSService.java
/Users/rchari/Workspace/spring/cst/src/main/java/com/jira/cst/exception/JiraExceptoin.java
/Users/rchari/Workspace/spring/cst/src/main/java/com/jira/cst/domain/Issue.java
/Users/rchari/Workspace/spring/cst/src/main/java/com/jira/cst/service/JiraService.java
/Users/rchari/Workspace/spring/cst/src/main/java/com/jira/cst/service/impl/JiraServiceImpl.java
/Users/rchari/Workspace/spring/cst/src/main/java/com/jira/cst/domain/SQSMessage.java
/Users/rchari/Workspace/spring/cst/src/main/java/com/jira/cst/CstApplication.java
/Users/rchari/Workspace/spring/cst/src/main/java/com/jira/cst/service/impl/SQSServiceImpl.java
/Users/rchari/Workspace/spring/cst/src/main/java/com/jira/cst/controller/SumController.java
/Users/rchari/Workspace/spring/cst/src/main/java/com/jira/cst/service/SumService.java
/Users/rchari/Workspace/spring/cst/src/main/java/com/jira/cst/constants/Endpoints.java
/Users/rchari/Workspace/spring/cst/src/main/java/com/jira/cst/domain/Fields.java
